------------------------------------------------------------
TimeQuest Timing Analyzer Summary
------------------------------------------------------------

Type  : Slow Model Setup 'clk'
Slack : -4.406
TNS   : -148.009

Type  : Slow Model Setup 'FPGA2AR9331:inst|ctrl_clk'
Slack : -1.508
TNS   : -8.245

Type  : Slow Model Hold 'clk'
Slack : -2.542
TNS   : -2.542

Type  : Slow Model Hold 'FPGA2AR9331:inst|ctrl_clk'
Slack : 0.499
TNS   : 0.000

Type  : Slow Model Minimum Pulse Width 'clk'
Slack : -1.777
TNS   : -62.621

Type  : Slow Model Minimum Pulse Width 'FPGA2AR9331:inst|ctrl_clk'
Slack : -0.742
TNS   : -11.872

Type  : Fast Model Setup 'clk'
Slack : -0.796
TNS   : -21.846

Type  : Fast Model Setup 'FPGA2AR9331:inst|ctrl_clk'
Slack : 0.141
TNS   : 0.000

Type  : Fast Model Hold 'clk'
Slack : -1.388
TNS   : -1.388

Type  : Fast Model Hold 'FPGA2AR9331:inst|ctrl_clk'
Slack : 0.215
TNS   : 0.000

Type  : Fast Model Minimum Pulse Width 'clk'
Slack : -1.222
TNS   : -42.222

Type  : Fast Model Minimum Pulse Width 'FPGA2AR9331:inst|ctrl_clk'
Slack : -0.500
TNS   : -8.000

------------------------------------------------------------
