------------------------------------------------------------
TimeQuest Timing Analyzer Summary
------------------------------------------------------------

Type  : Slow Model Setup 'clk'
Slack : -2.688
TNS   : -87.806

Type  : Slow Model Setup 'FPGA2AR9331:inst|ctrl_clk'
Slack : -1.516
TNS   : -7.895

Type  : Slow Model Hold 'clk'
Slack : -2.527
TNS   : -2.527

Type  : Slow Model Hold 'FPGA2AR9331:inst|ctrl_clk'
Slack : 0.499
TNS   : 0.000

Type  : Slow Model Minimum Pulse Width 'clk'
Slack : -1.777
TNS   : -75.977

Type  : Slow Model Minimum Pulse Width 'FPGA2AR9331:inst|ctrl_clk'
Slack : -0.742
TNS   : -11.872

Type  : Fast Model Setup 'clk'
Slack : -0.288
TNS   : -4.067

Type  : Fast Model Setup 'FPGA2AR9331:inst|ctrl_clk'
Slack : 0.128
TNS   : 0.000

Type  : Fast Model Hold 'clk'
Slack : -1.372
TNS   : -1.750

Type  : Fast Model Hold 'FPGA2AR9331:inst|ctrl_clk'
Slack : 0.215
TNS   : 0.000

Type  : Fast Model Minimum Pulse Width 'clk'
Slack : -1.222
TNS   : -51.222

Type  : Fast Model Minimum Pulse Width 'FPGA2AR9331:inst|ctrl_clk'
Slack : -0.500
TNS   : -8.000

------------------------------------------------------------
