Analysis & Synthesis report for uarter
Mon Mar 30 19:22:07 2015
Quartus II 64-Bit Version 13.0.1 Build 232 06/12/2013 Service Pack 1 SJ Full Version


---------------------
; Table of Contents ;
---------------------
  1. Legal Notice
  2. Analysis & Synthesis Summary
  3. Analysis & Synthesis Settings
  4. Parallel Compilation
  5. Analysis & Synthesis Source Files Read
  6. Analysis & Synthesis Resource Usage Summary
  7. Analysis & Synthesis Resource Utilization by Entity
  8. State Machine - |next_five|shift_registerv2:inst2|current_state
  9. State Machine - |next_five|new_all:inst|uarter_r:inst3|state
 10. State Machine - |next_five|new_all:inst|uarter:inst2|state
 11. User-Specified and Inferred Latches
 12. Registers Removed During Synthesis
 13. General Register Statistics
 14. Inverted Register Statistics
 15. Multiplexer Restructuring Statistics (Restructuring Performed)
 16. Parameter Settings for User Entity Instance: new_all:inst|uarter:inst2
 17. Parameter Settings for User Entity Instance: new_all:inst|uarter_r:inst3
 18. Parameter Settings for User Entity Instance: shift_registerv2:inst2
 19. Elapsed Time Per Partition
 20. Analysis & Synthesis Messages



----------------
; Legal Notice ;
----------------
Copyright (C) 1991-2013 Altera Corporation
Your use of Altera Corporation's design tools, logic functions 
and other software and tools, and its AMPP partner logic 
functions, and any output files from any of the foregoing 
(including device programming or simulation files), and any 
associated documentation or information are expressly subject 
to the terms and conditions of the Altera Program License 
Subscription Agreement, Altera MegaCore Function License 
Agreement, or other applicable license agreement, including, 
without limitation, that your use is for the sole purpose of 
programming logic devices manufactured by Altera and sold by 
Altera or its authorized distributors.  Please refer to the 
applicable agreement for further details.



+---------------------------------------------------------------------------------------+
; Analysis & Synthesis Summary                                                          ;
+------------------------------------+--------------------------------------------------+
; Analysis & Synthesis Status        ; Successful - Mon Mar 30 19:22:07 2015            ;
; Quartus II 64-Bit Version          ; 13.0.1 Build 232 06/12/2013 SP 1 SJ Full Version ;
; Revision Name                      ; uarter                                           ;
; Top-level Entity Name              ; next_five                                        ;
; Family                             ; Cyclone II                                       ;
; Total logic elements               ; 406                                              ;
;     Total combinational functions  ; 358                                              ;
;     Dedicated logic registers      ; 178                                              ;
; Total registers                    ; 178                                              ;
; Total pins                         ; 47                                               ;
; Total virtual pins                 ; 0                                                ;
; Total memory bits                  ; 0                                                ;
; Embedded Multiplier 9-bit elements ; 0                                                ;
; Total PLLs                         ; 0                                                ;
+------------------------------------+--------------------------------------------------+


+----------------------------------------------------------------------------------------------------------------------+
; Analysis & Synthesis Settings                                                                                        ;
+----------------------------------------------------------------------------+--------------------+--------------------+
; Option                                                                     ; Setting            ; Default Value      ;
+----------------------------------------------------------------------------+--------------------+--------------------+
; Device                                                                     ; EP2C5T144C8        ;                    ;
; Top-level entity name                                                      ; next_five          ; uarter             ;
; Family name                                                                ; Cyclone II         ; Cyclone IV GX      ;
; Use smart compilation                                                      ; Off                ; Off                ;
; Enable parallel Assembler and TimeQuest Timing Analyzer during compilation ; On                 ; On                 ;
; Enable compact report table                                                ; Off                ; Off                ;
; Restructure Multiplexers                                                   ; Auto               ; Auto               ;
; Create Debugging Nodes for IP Cores                                        ; Off                ; Off                ;
; Preserve fewer node names                                                  ; On                 ; On                 ;
; Disable OpenCore Plus hardware evaluation                                  ; Off                ; Off                ;
; Verilog Version                                                            ; Verilog_2001       ; Verilog_2001       ;
; VHDL Version                                                               ; VHDL_1993          ; VHDL_1993          ;
; State Machine Processing                                                   ; Auto               ; Auto               ;
; Safe State Machine                                                         ; Off                ; Off                ;
; Extract Verilog State Machines                                             ; On                 ; On                 ;
; Extract VHDL State Machines                                                ; On                 ; On                 ;
; Ignore Verilog initial constructs                                          ; Off                ; Off                ;
; Iteration limit for constant Verilog loops                                 ; 5000               ; 5000               ;
; Iteration limit for non-constant Verilog loops                             ; 250                ; 250                ;
; Add Pass-Through Logic to Inferred RAMs                                    ; On                 ; On                 ;
; Infer RAMs from Raw Logic                                                  ; On                 ; On                 ;
; Parallel Synthesis                                                         ; Off                ; Off                ;
; DSP Block Balancing                                                        ; Auto               ; Auto               ;
; NOT Gate Push-Back                                                         ; On                 ; On                 ;
; Power-Up Don't Care                                                        ; On                 ; On                 ;
; Remove Redundant Logic Cells                                               ; Off                ; Off                ;
; Remove Duplicate Registers                                                 ; On                 ; On                 ;
; Ignore CARRY Buffers                                                       ; Off                ; Off                ;
; Ignore CASCADE Buffers                                                     ; Off                ; Off                ;
; Ignore GLOBAL Buffers                                                      ; Off                ; Off                ;
; Ignore ROW GLOBAL Buffers                                                  ; Off                ; Off                ;
; Ignore LCELL Buffers                                                       ; Off                ; Off                ;
; Ignore SOFT Buffers                                                        ; On                 ; On                 ;
; Limit AHDL Integers to 32 Bits                                             ; Off                ; Off                ;
; Optimization Technique                                                     ; Balanced           ; Balanced           ;
; Carry Chain Length                                                         ; 70                 ; 70                 ;
; Auto Carry Chains                                                          ; On                 ; On                 ;
; Auto Open-Drain Pins                                                       ; On                 ; On                 ;
; Perform WYSIWYG Primitive Resynthesis                                      ; Off                ; Off                ;
; Auto ROM Replacement                                                       ; On                 ; On                 ;
; Auto RAM Replacement                                                       ; On                 ; On                 ;
; Auto Shift Register Replacement                                            ; Auto               ; Auto               ;
; Allow Shift Register Merging across Hierarchies                            ; Auto               ; Auto               ;
; Auto Clock Enable Replacement                                              ; On                 ; On                 ;
; Strict RAM Replacement                                                     ; Off                ; Off                ;
; Allow Synchronous Control Signals                                          ; On                 ; On                 ;
; Force Use of Synchronous Clear Signals                                     ; Off                ; Off                ;
; Auto RAM to Logic Cell Conversion                                          ; Off                ; Off                ;
; Auto Resource Sharing                                                      ; Off                ; Off                ;
; Allow Any RAM Size For Recognition                                         ; Off                ; Off                ;
; Allow Any ROM Size For Recognition                                         ; Off                ; Off                ;
; Allow Any Shift Register Size For Recognition                              ; Off                ; Off                ;
; Use LogicLock Constraints during Resource Balancing                        ; On                 ; On                 ;
; Ignore translate_off and synthesis_off directives                          ; Off                ; Off                ;
; Timing-Driven Synthesis                                                    ; Off                ; Off                ;
; Report Parameter Settings                                                  ; On                 ; On                 ;
; Report Source Assignments                                                  ; On                 ; On                 ;
; Report Connectivity Checks                                                 ; On                 ; On                 ;
; Ignore Maximum Fan-Out Assignments                                         ; Off                ; Off                ;
; Synchronization Register Chain Length                                      ; 2                  ; 2                  ;
; PowerPlay Power Optimization                                               ; Normal compilation ; Normal compilation ;
; HDL message level                                                          ; Level2             ; Level2             ;
; Suppress Register Optimization Related Messages                            ; Off                ; Off                ;
; Number of Removed Registers Reported in Synthesis Report                   ; 5000               ; 5000               ;
; Number of Swept Nodes Reported in Synthesis Report                         ; 5000               ; 5000               ;
; Number of Inverted Registers Reported in Synthesis Report                  ; 100                ; 100                ;
; Clock MUX Protection                                                       ; On                 ; On                 ;
; Auto Gated Clock Conversion                                                ; Off                ; Off                ;
; Block Design Naming                                                        ; Auto               ; Auto               ;
; SDC constraint protection                                                  ; Off                ; Off                ;
; Synthesis Effort                                                           ; Auto               ; Auto               ;
; Shift Register Replacement - Allow Asynchronous Clear Signal               ; On                 ; On                 ;
; Pre-Mapping Resynthesis Optimization                                       ; Off                ; Off                ;
; Analysis & Synthesis Message Level                                         ; Medium             ; Medium             ;
; Disable Register Merging Across Hierarchies                                ; Auto               ; Auto               ;
; Resource Aware Inference For Block RAM                                     ; On                 ; On                 ;
; Synthesis Seed                                                             ; 1                  ; 1                  ;
+----------------------------------------------------------------------------+--------------------+--------------------+


+------------------------------------------+
; Parallel Compilation                     ;
+----------------------------+-------------+
; Processors                 ; Number      ;
+----------------------------+-------------+
; Number detected on machine ; 4           ;
; Maximum allowed            ; 2           ;
;                            ;             ;
; Average used               ; 1.00        ;
; Maximum used               ; 1           ;
;                            ;             ;
; Usage by Processor         ; % Time Used ;
;     Processor 1            ; 100.0%      ;
;     Processors 2-4         ;   0.0%      ;
+----------------------------+-------------+


+--------------------------------------------------------------------------------------------------------------------------------------------------------+
; Analysis & Synthesis Source Files Read                                                                                                                 ;
+----------------------------------+-----------------+------------------------------------+----------------------------------------------------+---------+
; File Name with User-Entered Path ; Used in Netlist ; File Type                          ; File Name with Absolute Path                       ; Library ;
+----------------------------------+-----------------+------------------------------------+----------------------------------------------------+---------+
; t.vhd                            ; yes             ; User VHDL File                     ; E:/WORKSPACE/WIFI_OSC/FPGA/UART/t.vhd              ;         ;
; r.vhd                            ; yes             ; User VHDL File                     ; E:/WORKSPACE/WIFI_OSC/FPGA/UART/r.vhd              ;         ;
; fp.vhd                           ; yes             ; User VHDL File                     ; E:/WORKSPACE/WIFI_OSC/FPGA/UART/fp.vhd             ;         ;
; next_five.bdf                    ; yes             ; User Block Diagram/Schematic File  ; E:/WORKSPACE/WIFI_OSC/FPGA/UART/next_five.bdf      ;         ;
; shift_register.v                 ; yes             ; User Verilog HDL File              ; E:/WORKSPACE/WIFI_OSC/FPGA/UART/shift_register.v   ;         ;
; shift_registerv2.v               ; yes             ; User Verilog HDL File              ; E:/WORKSPACE/WIFI_OSC/FPGA/UART/shift_registerv2.v ;         ;
; new_all.bdf                      ; yes             ; User Block Diagram/Schematic File  ; E:/WORKSPACE/WIFI_OSC/FPGA/UART/new_all.bdf        ;         ;
+----------------------------------+-----------------+------------------------------------+----------------------------------------------------+---------+


+--------------------------------------------------------------------------+
; Analysis & Synthesis Resource Usage Summary                              ;
+---------------------------------------------+----------------------------+
; Resource                                    ; Usage                      ;
+---------------------------------------------+----------------------------+
; Estimated Total logic elements              ; 406                        ;
;                                             ;                            ;
; Total combinational functions               ; 358                        ;
; Logic element usage by number of LUT inputs ;                            ;
;     -- 4 input functions                    ; 109                        ;
;     -- 3 input functions                    ; 121                        ;
;     -- <=2 input functions                  ; 128                        ;
;                                             ;                            ;
; Logic elements by mode                      ;                            ;
;     -- normal mode                          ; 261                        ;
;     -- arithmetic mode                      ; 97                         ;
;                                             ;                            ;
; Total registers                             ; 178                        ;
;     -- Dedicated logic registers            ; 178                        ;
;     -- I/O registers                        ; 0                          ;
;                                             ;                            ;
; I/O pins                                    ; 47                         ;
; Embedded Multiplier 9-bit elements          ; 0                          ;
; Maximum fan-out node                        ; new_all:inst|fre:inst|bclk ;
; Maximum fan-out                             ; 102                        ;
; Total fan-out                               ; 1645                       ;
; Average fan-out                             ; 2.82                       ;
+---------------------------------------------+----------------------------+


+-------------------------------------------------------------------------------------------------------------------------------------------------------------------------------------------------+
; Analysis & Synthesis Resource Utilization by Entity                                                                                                                                             ;
+-----------------------------+-------------------+--------------+-------------+--------------+---------+-----------+------+--------------+----------------------------------------+--------------+
; Compilation Hierarchy Node  ; LC Combinationals ; LC Registers ; Memory Bits ; DSP Elements ; DSP 9x9 ; DSP 18x18 ; Pins ; Virtual Pins ; Full Hierarchy Name                    ; Library Name ;
+-----------------------------+-------------------+--------------+-------------+--------------+---------+-----------+------+--------------+----------------------------------------+--------------+
; |next_five                  ; 358 (0)           ; 178 (0)      ; 0           ; 0            ; 0       ; 0         ; 47   ; 0            ; |next_five                             ; work         ;
;    |new_all:inst|           ; 226 (0)           ; 134 (0)      ; 0           ; 0            ; 0       ; 0         ; 0    ; 0            ; |next_five|new_all:inst                ; work         ;
;       |fre:inst|            ; 75 (75)           ; 33 (33)      ; 0           ; 0            ; 0       ; 0         ; 0    ; 0            ; |next_five|new_all:inst|fre:inst       ; work         ;
;       |uarter:inst2|        ; 74 (74)           ; 43 (43)      ; 0           ; 0            ; 0       ; 0         ; 0    ; 0            ; |next_five|new_all:inst|uarter:inst2   ; work         ;
;       |uarter_r:inst3|      ; 77 (77)           ; 58 (58)      ; 0           ; 0            ; 0       ; 0         ; 0    ; 0            ; |next_five|new_all:inst|uarter_r:inst3 ; work         ;
;    |shift_register:inst1|   ; 3 (3)             ; 40 (40)      ; 0           ; 0            ; 0       ; 0         ; 0    ; 0            ; |next_five|shift_register:inst1        ; work         ;
;    |shift_registerv2:inst2| ; 129 (129)         ; 4 (4)        ; 0           ; 0            ; 0       ; 0         ; 0    ; 0            ; |next_five|shift_registerv2:inst2      ; work         ;
+-----------------------------+-------------------+--------------+-------------+--------------+---------+-----------+------+--------------+----------------------------------------+--------------+
Note: For table entries with two numbers listed, the numbers in parentheses indicate the number of resources of the given type used by the specific entity alone. The numbers listed outside of parentheses indicate the total resources of the given type used by the specific entity and all of its sub-entities in the hierarchy.


Encoding Type:  One-Hot
+------------------------------------------------------------------------------------------------------------+
; State Machine - |next_five|shift_registerv2:inst2|current_state                                            ;
+----------------------+----------------------+--------------------+---------------------+-------------------+
; Name                 ; current_state.WAIT_2 ; current_state.WAIT ; current_state.START ; current_state.000 ;
+----------------------+----------------------+--------------------+---------------------+-------------------+
; current_state.000    ; 0                    ; 0                  ; 0                   ; 0                 ;
; current_state.START  ; 0                    ; 0                  ; 1                   ; 1                 ;
; current_state.WAIT   ; 0                    ; 1                  ; 0                   ; 1                 ;
; current_state.WAIT_2 ; 1                    ; 0                  ; 0                   ; 1                 ;
+----------------------+----------------------+--------------------+---------------------+-------------------+


Encoding Type:  One-Hot
+------------------------------------------------------------------------------------------------+
; State Machine - |next_five|new_all:inst|uarter_r:inst3|state                                   ;
+----------------+--------------+----------------+--------------+----------------+---------------+
; Name           ; state.R_STOP ; state.R_SAMPLE ; state.R_WAIT ; state.R_CENTER ; state.R_START ;
+----------------+--------------+----------------+--------------+----------------+---------------+
; state.R_START  ; 0            ; 0              ; 0            ; 0              ; 0             ;
; state.R_CENTER ; 0            ; 0              ; 0            ; 1              ; 1             ;
; state.R_WAIT   ; 0            ; 0              ; 1            ; 0              ; 1             ;
; state.R_SAMPLE ; 0            ; 1              ; 0            ; 0              ; 1             ;
; state.R_STOP   ; 1            ; 0              ; 0            ; 0              ; 1             ;
+----------------+--------------+----------------+--------------+----------------+---------------+


Encoding Type:  One-Hot
+--------------------------------------------------------------------------------------------+
; State Machine - |next_five|new_all:inst|uarter:inst2|state                                 ;
+---------------+--------------+---------------+--------------+---------------+--------------+
; Name          ; state.T_STOP ; state.T_SHIFT ; state.T_WAIT ; state.T_START ; state.T_IDLE ;
+---------------+--------------+---------------+--------------+---------------+--------------+
; state.T_IDLE  ; 0            ; 0             ; 0            ; 0             ; 0            ;
; state.T_START ; 0            ; 0             ; 0            ; 1             ; 1            ;
; state.T_WAIT  ; 0            ; 0             ; 1            ; 0             ; 1            ;
; state.T_SHIFT ; 0            ; 1             ; 0            ; 0             ; 1            ;
; state.T_STOP  ; 1            ; 0             ; 0            ; 0             ; 1            ;
+---------------+--------------+---------------+--------------+---------------+--------------+


+---------------------------------------------------------------------------------------------------------------------------+
; User-Specified and Inferred Latches                                                                                       ;
+-----------------------------------------------------+--------------------------------------------+------------------------+
; Latch Name                                          ; Latch Enable Signal                        ; Free of Timing Hazards ;
+-----------------------------------------------------+--------------------------------------------+------------------------+
; shift_registerv2:inst2|done                         ; shift_registerv2:inst2|Selector50          ; yes                    ;
; shift_registerv2:inst2|data_out[7]                  ; shift_registerv2:inst2|current_state.START ; yes                    ;
; shift_registerv2:inst2|data_out[6]                  ; shift_registerv2:inst2|current_state.START ; yes                    ;
; shift_registerv2:inst2|data_out[5]                  ; shift_registerv2:inst2|current_state.START ; yes                    ;
; shift_registerv2:inst2|data_out[4]                  ; shift_registerv2:inst2|current_state.START ; yes                    ;
; shift_registerv2:inst2|data_out[3]                  ; shift_registerv2:inst2|current_state.START ; yes                    ;
; shift_registerv2:inst2|data_out[2]                  ; shift_registerv2:inst2|current_state.START ; yes                    ;
; shift_registerv2:inst2|data_out[1]                  ; shift_registerv2:inst2|current_state.START ; yes                    ;
; shift_registerv2:inst2|data_out[0]                  ; shift_registerv2:inst2|current_state.START ; yes                    ;
; shift_registerv2:inst2|cnt_temp[0]                  ; shift_registerv2:inst2|cnt_temp            ; yes                    ;
; shift_registerv2:inst2|cnt_temp[1]                  ; shift_registerv2:inst2|cnt_temp            ; yes                    ;
; shift_registerv2:inst2|cnt_temp[2]                  ; shift_registerv2:inst2|cnt_temp            ; yes                    ;
; shift_registerv2:inst2|cnt_temp[3]                  ; shift_registerv2:inst2|cnt_temp            ; yes                    ;
; shift_registerv2:inst2|data_in_temp[7]              ; shift_registerv2:inst2|Selector39          ; yes                    ;
; shift_registerv2:inst2|data_in_temp[6]              ; shift_registerv2:inst2|Selector39          ; yes                    ;
; shift_registerv2:inst2|data_in_temp[5]              ; shift_registerv2:inst2|Selector39          ; yes                    ;
; shift_registerv2:inst2|data_in_temp[4]              ; shift_registerv2:inst2|Selector39          ; yes                    ;
; shift_registerv2:inst2|data_in_temp[3]              ; shift_registerv2:inst2|Selector39          ; yes                    ;
; shift_registerv2:inst2|data_in_temp[2]              ; shift_registerv2:inst2|Selector39          ; yes                    ;
; shift_registerv2:inst2|data_in_temp[1]              ; shift_registerv2:inst2|Selector39          ; yes                    ;
; shift_registerv2:inst2|data_in_temp[0]              ; shift_registerv2:inst2|Selector39          ; yes                    ;
; shift_registerv2:inst2|next_state.START_643         ; shift_registerv2:inst2|Selector38          ; yes                    ;
; shift_registerv2:inst2|cnt[0]                       ; shift_registerv2:inst2|Selector45          ; yes                    ;
; shift_registerv2:inst2|cnt[1]                       ; shift_registerv2:inst2|Selector45          ; yes                    ;
; shift_registerv2:inst2|cnt[2]                       ; shift_registerv2:inst2|Selector45          ; yes                    ;
; shift_registerv2:inst2|cnt[3]                       ; shift_registerv2:inst2|Selector45          ; yes                    ;
; shift_registerv2:inst2|next_state.WAIT_633          ; shift_registerv2:inst2|Selector38          ; yes                    ;
; shift_registerv2:inst2|next_state.WAIT_2_623        ; shift_registerv2:inst2|Selector38          ; yes                    ;
; shift_registerv2:inst2|data_in_temp2[7]             ; shift_registerv2:inst2|current_state.START ; yes                    ;
; shift_registerv2:inst2|data_in_temp2[6]             ; shift_registerv2:inst2|current_state.START ; yes                    ;
; shift_registerv2:inst2|data_in_temp2[5]             ; shift_registerv2:inst2|current_state.START ; yes                    ;
; shift_registerv2:inst2|data_in_temp2[4]             ; shift_registerv2:inst2|current_state.START ; yes                    ;
; shift_registerv2:inst2|data_in_temp2[3]             ; shift_registerv2:inst2|current_state.START ; yes                    ;
; shift_registerv2:inst2|data_in_temp2[2]             ; shift_registerv2:inst2|current_state.START ; yes                    ;
; shift_registerv2:inst2|data_in_temp2[1]             ; shift_registerv2:inst2|current_state.START ; yes                    ;
; shift_registerv2:inst2|data_in_temp2[0]             ; shift_registerv2:inst2|current_state.START ; yes                    ;
; shift_registerv2:inst2|data_in_temp[15]             ; shift_registerv2:inst2|Selector39          ; yes                    ;
; shift_registerv2:inst2|next_state.000_653           ; shift_registerv2:inst2|Selector38          ; yes                    ;
; shift_registerv2:inst2|data_in_temp[14]             ; shift_registerv2:inst2|Selector39          ; yes                    ;
; shift_registerv2:inst2|data_in_temp[13]             ; shift_registerv2:inst2|Selector39          ; yes                    ;
; shift_registerv2:inst2|data_in_temp[12]             ; shift_registerv2:inst2|Selector39          ; yes                    ;
; shift_registerv2:inst2|data_in_temp[11]             ; shift_registerv2:inst2|Selector39          ; yes                    ;
; shift_registerv2:inst2|data_in_temp[10]             ; shift_registerv2:inst2|Selector39          ; yes                    ;
; shift_registerv2:inst2|data_in_temp[9]              ; shift_registerv2:inst2|Selector39          ; yes                    ;
; shift_registerv2:inst2|data_in_temp[8]              ; shift_registerv2:inst2|Selector39          ; yes                    ;
; shift_registerv2:inst2|data_in_temp2[15]            ; shift_registerv2:inst2|current_state.START ; yes                    ;
; shift_registerv2:inst2|data_in_temp2[14]            ; shift_registerv2:inst2|current_state.START ; yes                    ;
; shift_registerv2:inst2|data_in_temp2[13]            ; shift_registerv2:inst2|current_state.START ; yes                    ;
; shift_registerv2:inst2|data_in_temp2[12]            ; shift_registerv2:inst2|current_state.START ; yes                    ;
; shift_registerv2:inst2|data_in_temp2[11]            ; shift_registerv2:inst2|current_state.START ; yes                    ;
; shift_registerv2:inst2|data_in_temp2[10]            ; shift_registerv2:inst2|current_state.START ; yes                    ;
; shift_registerv2:inst2|data_in_temp2[9]             ; shift_registerv2:inst2|current_state.START ; yes                    ;
; shift_registerv2:inst2|data_in_temp2[8]             ; shift_registerv2:inst2|current_state.START ; yes                    ;
; shift_registerv2:inst2|data_in_temp[23]             ; shift_registerv2:inst2|Selector39          ; yes                    ;
; shift_registerv2:inst2|data_in_temp[22]             ; shift_registerv2:inst2|Selector39          ; yes                    ;
; shift_registerv2:inst2|data_in_temp[21]             ; shift_registerv2:inst2|Selector39          ; yes                    ;
; shift_registerv2:inst2|data_in_temp[20]             ; shift_registerv2:inst2|Selector39          ; yes                    ;
; shift_registerv2:inst2|data_in_temp[19]             ; shift_registerv2:inst2|Selector39          ; yes                    ;
; shift_registerv2:inst2|data_in_temp[18]             ; shift_registerv2:inst2|Selector39          ; yes                    ;
; shift_registerv2:inst2|data_in_temp[17]             ; shift_registerv2:inst2|Selector39          ; yes                    ;
; shift_registerv2:inst2|data_in_temp[16]             ; shift_registerv2:inst2|Selector39          ; yes                    ;
; shift_registerv2:inst2|data_in_temp2[23]            ; shift_registerv2:inst2|current_state.START ; yes                    ;
; shift_registerv2:inst2|data_in_temp2[22]            ; shift_registerv2:inst2|current_state.START ; yes                    ;
; shift_registerv2:inst2|data_in_temp2[21]            ; shift_registerv2:inst2|current_state.START ; yes                    ;
; shift_registerv2:inst2|data_in_temp2[20]            ; shift_registerv2:inst2|current_state.START ; yes                    ;
; shift_registerv2:inst2|data_in_temp2[19]            ; shift_registerv2:inst2|current_state.START ; yes                    ;
; shift_registerv2:inst2|data_in_temp2[18]            ; shift_registerv2:inst2|current_state.START ; yes                    ;
; shift_registerv2:inst2|data_in_temp2[17]            ; shift_registerv2:inst2|current_state.START ; yes                    ;
; shift_registerv2:inst2|data_in_temp2[16]            ; shift_registerv2:inst2|current_state.START ; yes                    ;
; shift_registerv2:inst2|data_in_temp[31]             ; shift_registerv2:inst2|Selector39          ; yes                    ;
; shift_registerv2:inst2|data_in_temp[30]             ; shift_registerv2:inst2|Selector39          ; yes                    ;
; shift_registerv2:inst2|data_in_temp[29]             ; shift_registerv2:inst2|Selector39          ; yes                    ;
; shift_registerv2:inst2|data_in_temp[28]             ; shift_registerv2:inst2|Selector39          ; yes                    ;
; shift_registerv2:inst2|data_in_temp[27]             ; shift_registerv2:inst2|Selector39          ; yes                    ;
; shift_registerv2:inst2|data_in_temp[26]             ; shift_registerv2:inst2|Selector39          ; yes                    ;
; shift_registerv2:inst2|data_in_temp[25]             ; shift_registerv2:inst2|Selector39          ; yes                    ;
; shift_registerv2:inst2|data_in_temp[24]             ; shift_registerv2:inst2|Selector39          ; yes                    ;
; Number of user-specified and inferred latches = 77  ;                                            ;                        ;
+-----------------------------------------------------+--------------------------------------------+------------------------+
Note: All latches listed above may not be present at the end of synthesis due to various synthesis optimizations.


+----------------------------------------------------------------------------------+
; Registers Removed During Synthesis                                               ;
+-----------------------------------------+----------------------------------------+
; Register name                           ; Reason for Removal                     ;
+-----------------------------------------+----------------------------------------+
; shift_registerv2:inst2|current_state~4  ; Lost fanout                            ;
; shift_registerv2:inst2|current_state~5  ; Lost fanout                            ;
; shift_registerv2:inst2|current_state~6  ; Lost fanout                            ;
; new_all:inst|uarter:inst2|state.T_START ; Stuck at GND due to stuck port data_in ;
; Total Number of Removed Registers = 4   ;                                        ;
+-----------------------------------------+----------------------------------------+


+------------------------------------------------------+
; General Register Statistics                          ;
+----------------------------------------------+-------+
; Statistic                                    ; Value ;
+----------------------------------------------+-------+
; Total registers                              ; 178   ;
; Number of registers using Synchronous Clear  ; 64    ;
; Number of registers using Synchronous Load   ; 0     ;
; Number of registers using Asynchronous Clear ; 52    ;
; Number of registers using Asynchronous Load  ; 0     ;
; Number of registers using Clock Enable       ; 79    ;
; Number of registers using Preset             ; 0     ;
+----------------------------------------------+-------+


+--------------------------------------------------+
; Inverted Register Statistics                     ;
+----------------------------------------+---------+
; Inverted Register                      ; Fan out ;
+----------------------------------------+---------+
; new_all:inst|uarter:inst2|txds         ; 2       ;
; Total number of inverted registers = 1 ;         ;
+----------------------------------------+---------+


+------------------------------------------------------------------------------------------------------------------------------------------------------------------------+
; Multiplexer Restructuring Statistics (Restructuring Performed)                                                                                                         ;
+--------------------+-----------+---------------+----------------------+------------------------+------------+----------------------------------------------------------+
; Multiplexer Inputs ; Bus Width ; Baseline Area ; Area if Restructured ; Saving if Restructured ; Registered ; Example Multiplexer Output                               ;
+--------------------+-----------+---------------+----------------------+------------------------+------------+----------------------------------------------------------+
; 4:1                ; 32 bits   ; 64 LEs        ; 32 LEs               ; 32 LEs                 ; Yes        ; |next_five|new_all:inst|uarter_r:inst3|\PRO2:xbitcnt[30] ;
; 5:1                ; 32 bits   ; 96 LEs        ; 32 LEs               ; 64 LEs                 ; Yes        ; |next_five|new_all:inst|uarter:inst2|xbitcnt[12]         ;
; 6:1                ; 4 bits    ; 16 LEs        ; 4 LEs                ; 12 LEs                 ; Yes        ; |next_five|new_all:inst|uarter_r:inst3|\PRO2:xcnt16[3]   ;
; 8:1                ; 5 bits    ; 25 LEs        ; 5 LEs                ; 20 LEs                 ; Yes        ; |next_five|new_all:inst|uarter:inst2|xcnt16[2]           ;
; 3:1                ; 2 bits    ; 4 LEs         ; 2 LEs                ; 2 LEs                  ; No         ; |next_five|new_all:inst|uarter_r:inst3|state             ;
+--------------------+-----------+---------------+----------------------+------------------------+------------+----------------------------------------------------------+


+------------------------------------------------------------------------+
; Parameter Settings for User Entity Instance: new_all:inst|uarter:inst2 ;
+----------------+-------+-----------------------------------------------+
; Parameter Name ; Value ; Type                                          ;
+----------------+-------+-----------------------------------------------+
; t_len          ; 8     ; Signed Integer                                ;
+----------------+-------+-----------------------------------------------+
Note: In order to hide this table in the UI and the text report file, please set the "Show Parameter Settings in Synthesis Report" option in "Analysis and Synthesis Settings -> More Settings" to "Off".


+--------------------------------------------------------------------------+
; Parameter Settings for User Entity Instance: new_all:inst|uarter_r:inst3 ;
+----------------+-------+-------------------------------------------------+
; Parameter Name ; Value ; Type                                            ;
+----------------+-------+-------------------------------------------------+
; r_len          ; 8     ; Signed Integer                                  ;
+----------------+-------+-------------------------------------------------+
Note: In order to hide this table in the UI and the text report file, please set the "Show Parameter Settings in Synthesis Report" option in "Analysis and Synthesis Settings -> More Settings" to "Off".


+---------------------------------------------------------------------+
; Parameter Settings for User Entity Instance: shift_registerv2:inst2 ;
+----------------+-------+--------------------------------------------+
; Parameter Name ; Value ; Type                                       ;
+----------------+-------+--------------------------------------------+
; IDLE           ; 000   ; Unsigned Binary                            ;
; START          ; 001   ; Unsigned Binary                            ;
; WAIT           ; 010   ; Unsigned Binary                            ;
; WAIT_2         ; 011   ; Unsigned Binary                            ;
+----------------+-------+--------------------------------------------+
Note: In order to hide this table in the UI and the text report file, please set the "Show Parameter Settings in Synthesis Report" option in "Analysis and Synthesis Settings -> More Settings" to "Off".


+-------------------------------+
; Elapsed Time Per Partition    ;
+----------------+--------------+
; Partition Name ; Elapsed Time ;
+----------------+--------------+
; Top            ; 00:00:01     ;
+----------------+--------------+


+-------------------------------+
; Analysis & Synthesis Messages ;
+-------------------------------+
Info: *******************************************************************
Info: Running Quartus II 64-Bit Analysis & Synthesis
    Info: Version 13.0.1 Build 232 06/12/2013 Service Pack 1 SJ Full Version
    Info: Processing started: Mon Mar 30 19:22:03 2015
Info: Command: quartus_map --read_settings_files=on --write_settings_files=off uarter -c uarter
Info (11104): Parallel Compilation has detected 4 hyper-threaded processors. However, the extra hyper-threaded processors will not be used by default. Parallel Compilation will use 2 of the 2 physical processors detected instead.
Info (12021): Found 2 design units, including 1 entities, in source file t.vhd
    Info (12022): Found design unit 1: uarter-Behavioral
    Info (12023): Found entity 1: uarter
Info (12021): Found 2 design units, including 1 entities, in source file r.vhd
    Info (12022): Found design unit 1: uarter_r-Behavioral
    Info (12023): Found entity 1: uarter_r
Info (12021): Found 2 design units, including 1 entities, in source file fp.vhd
    Info (12022): Found design unit 1: fre-Behavioral
    Info (12023): Found entity 1: fre
Info (12021): Found 1 design units, including 1 entities, in source file all.bdf
    Info (12023): Found entity 1: all
Info (12021): Found 2 design units, including 1 entities, in source file fre2.vhd
    Info (12022): Found design unit 1: fre2-Behavioral
    Info (12023): Found entity 1: fre2
Info (12021): Found 1 design units, including 1 entities, in source file next_five.bdf
    Info (12023): Found entity 1: next_five
Warning (10090): Verilog HDL syntax warning at shift_register.v(50): extra block comment delimiter characters /* within block comment
Info (12021): Found 1 design units, including 1 entities, in source file shift_register.v
    Info (12023): Found entity 1: shift_register
Info (12021): Found 1 design units, including 1 entities, in source file shift_registerv2.v
    Info (12023): Found entity 1: shift_registerv2
Info (12021): Found 1 design units, including 1 entities, in source file new_all.bdf
    Info (12023): Found entity 1: new_all
Info (12127): Elaborating entity "next_five" for the top level hierarchy
Info (12128): Elaborating entity "new_all" for hierarchy "new_all:inst"
Info (12128): Elaborating entity "uarter" for hierarchy "new_all:inst|uarter:inst2"
Info (12128): Elaborating entity "fre" for hierarchy "new_all:inst|fre:inst"
Info (12128): Elaborating entity "uarter_r" for hierarchy "new_all:inst|uarter_r:inst3"
Info (12128): Elaborating entity "shift_registerv2" for hierarchy "shift_registerv2:inst2"
Warning (10240): Verilog HDL Always Construct warning at shift_registerv2.v(26): inferring latch(es) for variable "done", which holds its previous value in one or more paths through the always construct
Warning (10240): Verilog HDL Always Construct warning at shift_registerv2.v(26): inferring latch(es) for variable "cnt", which holds its previous value in one or more paths through the always construct
Warning (10240): Verilog HDL Always Construct warning at shift_registerv2.v(26): inferring latch(es) for variable "cnt_temp", which holds its previous value in one or more paths through the always construct
Warning (10240): Verilog HDL Always Construct warning at shift_registerv2.v(26): inferring latch(es) for variable "data_in_temp", which holds its previous value in one or more paths through the always construct
Warning (10240): Verilog HDL Always Construct warning at shift_registerv2.v(26): inferring latch(es) for variable "next_state", which holds its previous value in one or more paths through the always construct
Warning (10240): Verilog HDL Always Construct warning at shift_registerv2.v(26): inferring latch(es) for variable "data_out", which holds its previous value in one or more paths through the always construct
Warning (10240): Verilog HDL Always Construct warning at shift_registerv2.v(26): inferring latch(es) for variable "data_in_temp2", which holds its previous value in one or more paths through the always construct
Info (10041): Inferred latch for "data_in_temp2[0]" at shift_registerv2.v(26)
Info (10041): Inferred latch for "data_in_temp2[1]" at shift_registerv2.v(26)
Info (10041): Inferred latch for "data_in_temp2[2]" at shift_registerv2.v(26)
Info (10041): Inferred latch for "data_in_temp2[3]" at shift_registerv2.v(26)
Info (10041): Inferred latch for "data_in_temp2[4]" at shift_registerv2.v(26)
Info (10041): Inferred latch for "data_in_temp2[5]" at shift_registerv2.v(26)
Info (10041): Inferred latch for "data_in_temp2[6]" at shift_registerv2.v(26)
Info (10041): Inferred latch for "data_in_temp2[7]" at shift_registerv2.v(26)
Info (10041): Inferred latch for "data_in_temp2[8]" at shift_registerv2.v(26)
Info (10041): Inferred latch for "data_in_temp2[9]" at shift_registerv2.v(26)
Info (10041): Inferred latch for "data_in_temp2[10]" at shift_registerv2.v(26)
Info (10041): Inferred latch for "data_in_temp2[11]" at shift_registerv2.v(26)
Info (10041): Inferred latch for "data_in_temp2[12]" at shift_registerv2.v(26)
Info (10041): Inferred latch for "data_in_temp2[13]" at shift_registerv2.v(26)
Info (10041): Inferred latch for "data_in_temp2[14]" at shift_registerv2.v(26)
Info (10041): Inferred latch for "data_in_temp2[15]" at shift_registerv2.v(26)
Info (10041): Inferred latch for "data_in_temp2[16]" at shift_registerv2.v(26)
Info (10041): Inferred latch for "data_in_temp2[17]" at shift_registerv2.v(26)
Info (10041): Inferred latch for "data_in_temp2[18]" at shift_registerv2.v(26)
Info (10041): Inferred latch for "data_in_temp2[19]" at shift_registerv2.v(26)
Info (10041): Inferred latch for "data_in_temp2[20]" at shift_registerv2.v(26)
Info (10041): Inferred latch for "data_in_temp2[21]" at shift_registerv2.v(26)
Info (10041): Inferred latch for "data_in_temp2[22]" at shift_registerv2.v(26)
Info (10041): Inferred latch for "data_in_temp2[23]" at shift_registerv2.v(26)
Info (10041): Inferred latch for "data_in_temp2[24]" at shift_registerv2.v(26)
Info (10041): Inferred latch for "data_in_temp2[25]" at shift_registerv2.v(26)
Info (10041): Inferred latch for "data_in_temp2[26]" at shift_registerv2.v(26)
Info (10041): Inferred latch for "data_in_temp2[27]" at shift_registerv2.v(26)
Info (10041): Inferred latch for "data_in_temp2[28]" at shift_registerv2.v(26)
Info (10041): Inferred latch for "data_in_temp2[29]" at shift_registerv2.v(26)
Info (10041): Inferred latch for "data_in_temp2[30]" at shift_registerv2.v(26)
Info (10041): Inferred latch for "data_in_temp2[31]" at shift_registerv2.v(26)
Info (10041): Inferred latch for "data_out[0]" at shift_registerv2.v(26)
Info (10041): Inferred latch for "data_out[1]" at shift_registerv2.v(26)
Info (10041): Inferred latch for "data_out[2]" at shift_registerv2.v(26)
Info (10041): Inferred latch for "data_out[3]" at shift_registerv2.v(26)
Info (10041): Inferred latch for "data_out[4]" at shift_registerv2.v(26)
Info (10041): Inferred latch for "data_out[5]" at shift_registerv2.v(26)
Info (10041): Inferred latch for "data_out[6]" at shift_registerv2.v(26)
Info (10041): Inferred latch for "data_out[7]" at shift_registerv2.v(26)
Info (10041): Inferred latch for "next_state.WAIT_2" at shift_registerv2.v(26)
Info (10041): Inferred latch for "next_state.WAIT" at shift_registerv2.v(26)
Info (10041): Inferred latch for "next_state.START" at shift_registerv2.v(26)
Info (10041): Inferred latch for "next_state.000" at shift_registerv2.v(26)
Info (10041): Inferred latch for "data_in_temp[0]" at shift_registerv2.v(26)
Info (10041): Inferred latch for "data_in_temp[1]" at shift_registerv2.v(26)
Info (10041): Inferred latch for "data_in_temp[2]" at shift_registerv2.v(26)
Info (10041): Inferred latch for "data_in_temp[3]" at shift_registerv2.v(26)
Info (10041): Inferred latch for "data_in_temp[4]" at shift_registerv2.v(26)
Info (10041): Inferred latch for "data_in_temp[5]" at shift_registerv2.v(26)
Info (10041): Inferred latch for "data_in_temp[6]" at shift_registerv2.v(26)
Info (10041): Inferred latch for "data_in_temp[7]" at shift_registerv2.v(26)
Info (10041): Inferred latch for "data_in_temp[8]" at shift_registerv2.v(26)
Info (10041): Inferred latch for "data_in_temp[9]" at shift_registerv2.v(26)
Info (10041): Inferred latch for "data_in_temp[10]" at shift_registerv2.v(26)
Info (10041): Inferred latch for "data_in_temp[11]" at shift_registerv2.v(26)
Info (10041): Inferred latch for "data_in_temp[12]" at shift_registerv2.v(26)
Info (10041): Inferred latch for "data_in_temp[13]" at shift_registerv2.v(26)
Info (10041): Inferred latch for "data_in_temp[14]" at shift_registerv2.v(26)
Info (10041): Inferred latch for "data_in_temp[15]" at shift_registerv2.v(26)
Info (10041): Inferred latch for "data_in_temp[16]" at shift_registerv2.v(26)
Info (10041): Inferred latch for "data_in_temp[17]" at shift_registerv2.v(26)
Info (10041): Inferred latch for "data_in_temp[18]" at shift_registerv2.v(26)
Info (10041): Inferred latch for "data_in_temp[19]" at shift_registerv2.v(26)
Info (10041): Inferred latch for "data_in_temp[20]" at shift_registerv2.v(26)
Info (10041): Inferred latch for "data_in_temp[21]" at shift_registerv2.v(26)
Info (10041): Inferred latch for "data_in_temp[22]" at shift_registerv2.v(26)
Info (10041): Inferred latch for "data_in_temp[23]" at shift_registerv2.v(26)
Info (10041): Inferred latch for "data_in_temp[24]" at shift_registerv2.v(26)
Info (10041): Inferred latch for "data_in_temp[25]" at shift_registerv2.v(26)
Info (10041): Inferred latch for "data_in_temp[26]" at shift_registerv2.v(26)
Info (10041): Inferred latch for "data_in_temp[27]" at shift_registerv2.v(26)
Info (10041): Inferred latch for "data_in_temp[28]" at shift_registerv2.v(26)
Info (10041): Inferred latch for "data_in_temp[29]" at shift_registerv2.v(26)
Info (10041): Inferred latch for "data_in_temp[30]" at shift_registerv2.v(26)
Info (10041): Inferred latch for "data_in_temp[31]" at shift_registerv2.v(26)
Info (10041): Inferred latch for "cnt_temp[0]" at shift_registerv2.v(26)
Info (10041): Inferred latch for "cnt_temp[1]" at shift_registerv2.v(26)
Info (10041): Inferred latch for "cnt_temp[2]" at shift_registerv2.v(26)
Info (10041): Inferred latch for "cnt_temp[3]" at shift_registerv2.v(26)
Info (10041): Inferred latch for "cnt[0]" at shift_registerv2.v(26)
Info (10041): Inferred latch for "cnt[1]" at shift_registerv2.v(26)
Info (10041): Inferred latch for "cnt[2]" at shift_registerv2.v(26)
Info (10041): Inferred latch for "cnt[3]" at shift_registerv2.v(26)
Info (10041): Inferred latch for "done" at shift_registerv2.v(26)
Info (12128): Elaborating entity "shift_register" for hierarchy "shift_register:inst1"
Warning (13012): Latch shift_registerv2:inst2|data_in_temp[7] has unsafe behavior
    Warning (13013): Ports D and ENA on the latch are fed by the same signal shift_registerv2:inst2|current_state.WAIT
Warning (13012): Latch shift_registerv2:inst2|data_in_temp[6] has unsafe behavior
    Warning (13013): Ports D and ENA on the latch are fed by the same signal shift_registerv2:inst2|current_state.WAIT
Warning (13012): Latch shift_registerv2:inst2|data_in_temp[5] has unsafe behavior
    Warning (13013): Ports D and ENA on the latch are fed by the same signal shift_registerv2:inst2|current_state.WAIT
Warning (13012): Latch shift_registerv2:inst2|data_in_temp[4] has unsafe behavior
    Warning (13013): Ports D and ENA on the latch are fed by the same signal shift_registerv2:inst2|current_state.WAIT
Warning (13012): Latch shift_registerv2:inst2|data_in_temp[3] has unsafe behavior
    Warning (13013): Ports D and ENA on the latch are fed by the same signal shift_registerv2:inst2|current_state.WAIT
Warning (13012): Latch shift_registerv2:inst2|data_in_temp[2] has unsafe behavior
    Warning (13013): Ports D and ENA on the latch are fed by the same signal shift_registerv2:inst2|current_state.WAIT
Warning (13012): Latch shift_registerv2:inst2|data_in_temp[1] has unsafe behavior
    Warning (13013): Ports D and ENA on the latch are fed by the same signal shift_registerv2:inst2|current_state.WAIT
Warning (13012): Latch shift_registerv2:inst2|data_in_temp[0] has unsafe behavior
    Warning (13013): Ports D and ENA on the latch are fed by the same signal shift_registerv2:inst2|current_state.WAIT
Warning (13012): Latch shift_registerv2:inst2|cnt[0] has unsafe behavior
    Warning (13013): Ports D and ENA on the latch are fed by the same signal shift_registerv2:inst2|cnt_temp[0]
Warning (13012): Latch shift_registerv2:inst2|cnt[1] has unsafe behavior
    Warning (13013): Ports D and ENA on the latch are fed by the same signal shift_registerv2:inst2|cnt_temp[1]
Warning (13012): Latch shift_registerv2:inst2|cnt[2] has unsafe behavior
    Warning (13013): Ports D and ENA on the latch are fed by the same signal shift_registerv2:inst2|cnt_temp[2]
Warning (13012): Latch shift_registerv2:inst2|cnt[3] has unsafe behavior
    Warning (13013): Ports D and ENA on the latch are fed by the same signal shift_registerv2:inst2|cnt_temp[3]
Warning (13012): Latch shift_registerv2:inst2|data_in_temp[15] has unsafe behavior
    Warning (13013): Ports D and ENA on the latch are fed by the same signal shift_registerv2:inst2|current_state.WAIT
Warning (13012): Latch shift_registerv2:inst2|data_in_temp[14] has unsafe behavior
    Warning (13013): Ports D and ENA on the latch are fed by the same signal shift_registerv2:inst2|current_state.WAIT
Warning (13012): Latch shift_registerv2:inst2|data_in_temp[13] has unsafe behavior
    Warning (13013): Ports D and ENA on the latch are fed by the same signal shift_registerv2:inst2|current_state.WAIT
Warning (13012): Latch shift_registerv2:inst2|data_in_temp[12] has unsafe behavior
    Warning (13013): Ports D and ENA on the latch are fed by the same signal shift_registerv2:inst2|current_state.WAIT
Warning (13012): Latch shift_registerv2:inst2|data_in_temp[11] has unsafe behavior
    Warning (13013): Ports D and ENA on the latch are fed by the same signal shift_registerv2:inst2|current_state.WAIT
Warning (13012): Latch shift_registerv2:inst2|data_in_temp[10] has unsafe behavior
    Warning (13013): Ports D and ENA on the latch are fed by the same signal shift_registerv2:inst2|current_state.WAIT
Warning (13012): Latch shift_registerv2:inst2|data_in_temp[9] has unsafe behavior
    Warning (13013): Ports D and ENA on the latch are fed by the same signal shift_registerv2:inst2|current_state.WAIT
Warning (13012): Latch shift_registerv2:inst2|data_in_temp[8] has unsafe behavior
    Warning (13013): Ports D and ENA on the latch are fed by the same signal shift_registerv2:inst2|current_state.WAIT
Warning (13012): Latch shift_registerv2:inst2|data_in_temp[23] has unsafe behavior
    Warning (13013): Ports D and ENA on the latch are fed by the same signal shift_registerv2:inst2|current_state.WAIT
Warning (13012): Latch shift_registerv2:inst2|data_in_temp[22] has unsafe behavior
    Warning (13013): Ports D and ENA on the latch are fed by the same signal shift_registerv2:inst2|current_state.WAIT
Warning (13012): Latch shift_registerv2:inst2|data_in_temp[21] has unsafe behavior
    Warning (13013): Ports D and ENA on the latch are fed by the same signal shift_registerv2:inst2|current_state.WAIT
Warning (13012): Latch shift_registerv2:inst2|data_in_temp[20] has unsafe behavior
    Warning (13013): Ports D and ENA on the latch are fed by the same signal shift_registerv2:inst2|current_state.WAIT
Warning (13012): Latch shift_registerv2:inst2|data_in_temp[19] has unsafe behavior
    Warning (13013): Ports D and ENA on the latch are fed by the same signal shift_registerv2:inst2|current_state.WAIT
Warning (13012): Latch shift_registerv2:inst2|data_in_temp[18] has unsafe behavior
    Warning (13013): Ports D and ENA on the latch are fed by the same signal shift_registerv2:inst2|current_state.WAIT
Warning (13012): Latch shift_registerv2:inst2|data_in_temp[17] has unsafe behavior
    Warning (13013): Ports D and ENA on the latch are fed by the same signal shift_registerv2:inst2|current_state.WAIT
Warning (13012): Latch shift_registerv2:inst2|data_in_temp[16] has unsafe behavior
    Warning (13013): Ports D and ENA on the latch are fed by the same signal shift_registerv2:inst2|current_state.WAIT
Warning (13012): Latch shift_registerv2:inst2|data_in_temp[31] has unsafe behavior
    Warning (13013): Ports D and ENA on the latch are fed by the same signal shift_registerv2:inst2|current_state.WAIT
Warning (13012): Latch shift_registerv2:inst2|data_in_temp[30] has unsafe behavior
    Warning (13013): Ports D and ENA on the latch are fed by the same signal shift_registerv2:inst2|current_state.WAIT
Warning (13012): Latch shift_registerv2:inst2|data_in_temp[29] has unsafe behavior
    Warning (13013): Ports D and ENA on the latch are fed by the same signal shift_registerv2:inst2|current_state.WAIT
Warning (13012): Latch shift_registerv2:inst2|data_in_temp[28] has unsafe behavior
    Warning (13013): Ports D and ENA on the latch are fed by the same signal shift_registerv2:inst2|current_state.WAIT
Warning (13012): Latch shift_registerv2:inst2|data_in_temp[27] has unsafe behavior
    Warning (13013): Ports D and ENA on the latch are fed by the same signal shift_registerv2:inst2|current_state.WAIT
Warning (13012): Latch shift_registerv2:inst2|data_in_temp[26] has unsafe behavior
    Warning (13013): Ports D and ENA on the latch are fed by the same signal shift_registerv2:inst2|current_state.WAIT
Warning (13012): Latch shift_registerv2:inst2|data_in_temp[25] has unsafe behavior
    Warning (13013): Ports D and ENA on the latch are fed by the same signal shift_registerv2:inst2|current_state.WAIT
Warning (13012): Latch shift_registerv2:inst2|data_in_temp[24] has unsafe behavior
    Warning (13013): Ports D and ENA on the latch are fed by the same signal shift_registerv2:inst2|current_state.WAIT
Info (13000): Registers with preset signals will power-up high
Info (13003): DEV_CLRn pin will set, and not reset, register with preset signal due to NOT Gate Push-Back
Critical Warning (18061): Ignored Power-Up Level option on the following registers
    Critical Warning (18010): Register new_all:inst|fre:inst|cnt[31] will power up to Low
    Critical Warning (18010): Register new_all:inst|fre:inst|cnt[0] will power up to Low
Info (17049): 3 registers lost all their fanouts during netlist optimizations.
Info (16010): Generating hard_block partition "hard_block:auto_generated_inst"
    Info (16011): Adding 0 node(s), including 0 DDIO, 0 PLL, 0 transceiver and 0 LCELL
Info (21057): Implemented 457 device resources after synthesis - the final resource count might be different
    Info (21058): Implemented 3 input pins
    Info (21059): Implemented 44 output pins
    Info (21061): Implemented 410 logic cells
Info: Quartus II 64-Bit Analysis & Synthesis was successful. 0 errors, 83 warnings
    Info: Peak virtual memory: 503 megabytes
    Info: Processing ended: Mon Mar 30 19:22:07 2015
    Info: Elapsed time: 00:00:04
    Info: Total CPU time (on all processors): 00:00:04


