--------------------------------------------------------------------------------------
Timing Analyzer Summary
--------------------------------------------------------------------------------------

Type           : Worst-case tsu
Slack          : N/A
Required Time  : None
Actual Time    : 3.219 ns
From           : R
To             : new_all:inst|uarter_r:inst3|\PRO2:xbitcnt[7]
From Clock     : --
To Clock       : CLK
Failed Paths   : 0

Type           : Worst-case tco
Slack          : N/A
Required Time  : None
Actual Time    : 19.412 ns
From           : shift_registerv2:inst2|done
To             : T6
From Clock     : CLK
To Clock       : --
Failed Paths   : 0

Type           : Worst-case tpd
Slack          : N/A
Required Time  : None
Actual Time    : 6.243 ns
From           : RESET
To             : T7
From Clock     : --
To Clock       : --
Failed Paths   : 0

Type           : Worst-case th
Slack          : N/A
Required Time  : None
Actual Time    : 4.084 ns
From           : RESET
To             : new_all:inst|uarter:inst2|state.T_STOP
From Clock     : --
To Clock       : CLK
Failed Paths   : 0

Type           : Clock Setup: 'CLK'
Slack          : N/A
Required Time  : None
Actual Time    : 41.77 MHz ( period = 23.940 ns )
From           : shift_registerv2:inst2|next_state.START_644
To             : shift_registerv2:inst2|current_state.START
From Clock     : CLK
To Clock       : CLK
Failed Paths   : 0

Type           : Clock Hold: 'CLK'
Slack          : Not operational: Clock Skew > Data Delay
Required Time  : None
Actual Time    : N/A
From           : shift_registerv2:inst2|current_state.START
To             : shift_registerv2:inst2|next_state.START_644
From Clock     : CLK
To Clock       : CLK
Failed Paths   : 144

Type           : Total number of failed paths
Slack          : 
Required Time  : 
Actual Time    : 
From           : 
To             : 
From Clock     : 
To Clock       : 
Failed Paths   : 144

--------------------------------------------------------------------------------------

