------------------------------------------------------------
TimeQuest Timing Analyzer Summary
------------------------------------------------------------

Type  : Slow Model Setup 'shift_registerv2:inst2|current_state.WAIT'
Slack : -6.310
TNS   : -22.960

Type  : Slow Model Setup 'new_all:inst|fre:inst|bclk'
Slack : -5.170
TNS   : -359.541

Type  : Slow Model Setup 'CLK'
Slack : -5.133
TNS   : -136.976

Type  : Slow Model Setup 'shift_registerv2:inst2|current_state.START'
Slack : -4.037
TNS   : -114.327

Type  : Slow Model Setup 'new_all:inst|uarter_r:inst3|R_ready'
Slack : -1.448
TNS   : -12.759

Type  : Slow Model Setup 'shift_register:inst1|data[0]'
Slack : -1.187
TNS   : -24.489

Type  : Slow Model Hold 'shift_registerv2:inst2|current_state.WAIT'
Slack : -6.905
TNS   : -98.982

Type  : Slow Model Hold 'shift_register:inst1|data[0]'
Slack : -3.130
TNS   : -36.547

Type  : Slow Model Hold 'new_all:inst|fre:inst|bclk'
Slack : -2.776
TNS   : -2.776

Type  : Slow Model Hold 'CLK'
Slack : -2.527
TNS   : -2.527

Type  : Slow Model Hold 'new_all:inst|uarter_r:inst3|R_ready'
Slack : -0.989
TNS   : -0.989

Type  : Slow Model Hold 'shift_registerv2:inst2|current_state.START'
Slack : 1.314
TNS   : 0.000

Type  : Slow Model Minimum Pulse Width 'CLK'
Slack : -1.941
TNS   : -56.849

Type  : Slow Model Minimum Pulse Width 'new_all:inst|fre:inst|bclk'
Slack : -0.742
TNS   : -149.884

Type  : Slow Model Minimum Pulse Width 'new_all:inst|uarter_r:inst3|R_ready'
Slack : -0.742
TNS   : -59.360

Type  : Slow Model Minimum Pulse Width 'shift_register:inst1|data[0]'
Slack : 0.500
TNS   : 0.000

Type  : Slow Model Minimum Pulse Width 'shift_registerv2:inst2|current_state.START'
Slack : 0.500
TNS   : 0.000

Type  : Slow Model Minimum Pulse Width 'shift_registerv2:inst2|current_state.WAIT'
Slack : 0.500
TNS   : 0.000

Type  : Fast Model Setup 'shift_registerv2:inst2|current_state.WAIT'
Slack : -1.825
TNS   : -6.563

Type  : Fast Model Setup 'CLK'
Slack : -1.191
TNS   : -22.833

Type  : Fast Model Setup 'new_all:inst|fre:inst|bclk'
Slack : -1.097
TNS   : -56.862

Type  : Fast Model Setup 'shift_registerv2:inst2|current_state.START'
Slack : -0.509
TNS   : -11.920

Type  : Fast Model Setup 'new_all:inst|uarter_r:inst3|R_ready'
Slack : -0.107
TNS   : -0.395

Type  : Fast Model Setup 'shift_register:inst1|data[0]'
Slack : 0.066
TNS   : 0.000

Type  : Fast Model Hold 'shift_registerv2:inst2|current_state.WAIT'
Slack : -2.237
TNS   : -39.363

Type  : Fast Model Hold 'CLK'
Slack : -1.334
TNS   : -1.334

Type  : Fast Model Hold 'shift_register:inst1|data[0]'
Slack : -1.284
TNS   : -19.199

Type  : Fast Model Hold 'new_all:inst|fre:inst|bclk'
Slack : -1.260
TNS   : -1.260

Type  : Fast Model Hold 'new_all:inst|uarter_r:inst3|R_ready'
Slack : -0.736
TNS   : -1.715

Type  : Fast Model Hold 'shift_registerv2:inst2|current_state.START'
Slack : 0.372
TNS   : 0.000

Type  : Fast Model Minimum Pulse Width 'CLK'
Slack : -1.380
TNS   : -38.380

Type  : Fast Model Minimum Pulse Width 'new_all:inst|fre:inst|bclk'
Slack : -0.500
TNS   : -101.000

Type  : Fast Model Minimum Pulse Width 'new_all:inst|uarter_r:inst3|R_ready'
Slack : -0.500
TNS   : -40.000

Type  : Fast Model Minimum Pulse Width 'shift_register:inst1|data[0]'
Slack : 0.500
TNS   : 0.000

Type  : Fast Model Minimum Pulse Width 'shift_registerv2:inst2|current_state.START'
Slack : 0.500
TNS   : 0.000

Type  : Fast Model Minimum Pulse Width 'shift_registerv2:inst2|current_state.WAIT'
Slack : 0.500
TNS   : 0.000

------------------------------------------------------------
